▿ 1 element
  ▿ Route
    ▿ bbox: BoundingBox
      ▿ ne: GeographicCoordinate
        - lat: 1.0
        - lng: 1.0
      ▿ sw: GeographicCoordinate
        - lat: 0.0
        - lng: 0.0
    - distance: 1.0
    ▿ geometry: 2 elements
      ▿ GeographicCoordinate
        - lat: 0.0
        - lng: 0.0
      ▿ GeographicCoordinate
        - lat: 1.0
        - lng: 1.0
    ▿ steps: 1 element
      ▿ RouteStep
        - annotations: Optional<Array<String>>.none
        - distance: 1.0
        - duration: 0.0
        ▿ geometry: 2 elements
          ▿ GeographicCoordinate
            - lat: 0.0
            - lng: 0.0
          ▿ GeographicCoordinate
            - lat: 1.0
            - lng: 1.0
        - instruction: "Sail straight"
        ▿ roadName: Optional<String>
          - some: "foo road"
        - spokenInstructions: 0 elements
        ▿ visualInstructions: 1 element
          ▿ VisualInstruction
            ▿ primaryContent: VisualInstructionContent
              - laneInfo: Optional<Array<LaneInfo>>.none
              ▿ maneuverModifier: Optional<ManeuverModifier>
                - some: ManeuverModifier.straight
              ▿ maneuverType: Optional<ManeuverType>
                - some: ManeuverType.depart
              - roundaboutExitDegrees: Optional<UInt16>.none
              - text: "Sail straight"
            - secondaryContent: Optional<VisualInstructionContent>.none
            - subContent: Optional<VisualInstructionContent>.none
            - triggerDistanceBeforeManeuver: 42.0
    ▿ waypoints: 2 elements
      ▿ Waypoint
        ▿ coordinate: GeographicCoordinate
          - lat: 0.0
          - lng: 0.0
        - kind: WaypointKind.break
      ▿ Waypoint
        ▿ coordinate: GeographicCoordinate
          - lat: 1.0
          - lng: 1.0
        - kind: WaypointKind.break
