▿ 1 element
  ▿ Route [distance 1.0 waypoints: Waypoint: GeographicCoordinate(lat: 0.0, lng: 0.0) kind: break,Waypoint: GeographicCoordinate(lat: 1.0, lng: 1.0) kind: break steps: RouteStep: Sail straight]
    ▿ geometry: 2 elements
      ▿ GeographicCoordinate
        - lat: 0.0
        - lng: 0.0
      ▿ GeographicCoordinate
        - lat: 1.0
        - lng: 1.0
    ▿ bbox: BoundingBox
      ▿ ne: GeographicCoordinate
        - lat: 1.0
        - lng: 1.0
      ▿ sw: GeographicCoordinate
        - lat: 0.0
        - lng: 0.0
    - distance: 1.0
    ▿ waypoints: 2 elements
      ▿ Waypoint: GeographicCoordinate(lat: 0.0, lng: 0.0) kind: break
        ▿ coordinate: GeographicCoordinate
          - lat: 0.0
          - lng: 0.0
        - kind: break
      ▿ Waypoint: GeographicCoordinate(lat: 1.0, lng: 1.0) kind: break
        ▿ coordinate: GeographicCoordinate
          - lat: 1.0
          - lng: 1.0
        - kind: break
    ▿ steps: 1 element
      ▿ RouteStep: Sail straight
        ▿ geometry: 2 elements
          ▿ GeographicCoordinate
            - lat: 0.0
            - lng: 0.0
          ▿ GeographicCoordinate
            - lat: 1.0
            - lng: 1.0
        - distance: 1.0
        - duration: 0.0
        ▿ roadName: Optional<String>
          - some: "foo road"
        - exits: 0 elements
        - instruction: "Sail straight"
        ▿ visualInstructions: 1 element
          ▿ VisualInstruction
            ▿ primaryContent: VisualInstructionContent
              - exitNumbers: 0 elements
              - laneInfo: Optional<Array<LaneInfo>>.none
              ▿ maneuverModifier: Optional<ManeuverModifier>
                - some: ManeuverModifier.straight
              ▿ maneuverType: Optional<ManeuverType>
                - some: ManeuverType.depart
              - roundaboutExitDegrees: Optional<UInt16>.none
              - text: "Sail straight"
            - secondaryContent: Optional<VisualInstructionContent>.none
            - subContent: Optional<VisualInstructionContent>.none
            - triggerDistanceBeforeManeuver: 42.0
        - spokenInstructions: 0 elements
        - annotations: Optional<Array<String>>.none
        - incidents: 0 elements
