---
source: ferrostar/src/routing_adapters/osrm/mod.rs
expression: routes
---
- geometry:
    - lat: 59.442643
      lng: 24.765368
    - lat: 59.442644
      lng: 24.765372
    - lat: 59.442596
      lng: 24.765043
    - lat: 59.442597
      lng: 24.764917
    - lat: 59.442617
      lng: 24.764716
    - lat: 59.442739
      lng: 24.763568
    - lat: 59.442754
      lng: 24.763449
    - lat: 59.442671
      lng: 24.763423
    - lat: 59.442709
      lng: 24.763155
    - lat: 59.442749
      lng: 24.763063
    - lat: 59.442819
      lng: 24.763
    - lat: 59.442834
      lng: 24.762904
    - lat: 59.442841
      lng: 24.762858
    - lat: 59.442918
      lng: 24.762356
    - lat: 59.442936
      lng: 24.762237
    - lat: 59.442957
      lng: 24.762218
    - lat: 59.443129
      lng: 24.762072
    - lat: 59.443156
      lng: 24.762052
    - lat: 59.443526
      lng: 24.761765
    - lat: 59.443564
      lng: 24.761733
    - lat: 59.4439
      lng: 24.761432
    - lat: 59.443487
      lng: 24.759273
    - lat: 59.443533
      lng: 24.759243
    - lat: 59.443622
      lng: 24.759185
    - lat: 59.44365
      lng: 24.759167
    - lat: 59.443712
      lng: 24.759127
    - lat: 59.443701
      lng: 24.759061
    - lat: 59.443693
      lng: 24.759007
    - lat: 59.443674
      lng: 24.758853
    - lat: 59.443719
      lng: 24.758831
    - lat: 59.443739
      lng: 24.758825
    - lat: 59.443824
      lng: 24.758783
    - lat: 59.444002
      lng: 24.75869
    - lat: 59.444052
      lng: 24.758636
    - lat: 59.444086
      lng: 24.75862
    - lat: 59.444176
      lng: 24.758576
    - lat: 59.444346
      lng: 24.75849
    - lat: 59.444417
      lng: 24.758402
    - lat: 59.444448
      lng: 24.758392
    - lat: 59.444431
      lng: 24.758246
    - lat: 59.444579
      lng: 24.75819
    - lat: 59.444893
      lng: 24.75805
    - lat: 59.444979
      lng: 24.757981
    - lat: 59.445069
      lng: 24.757636
    - lat: 59.444948
      lng: 24.754468
    - lat: 59.444939
      lng: 24.75424
    - lat: 59.444903
      lng: 24.753388
    - lat: 59.444898
      lng: 24.75326
    - lat: 59.44489
      lng: 24.753154
    - lat: 59.444855
      lng: 24.752151
    - lat: 59.444835
      lng: 24.751726
    - lat: 59.444834
      lng: 24.751684
    - lat: 59.444834
      lng: 24.751667
    - lat: 59.444833
      lng: 24.751609
    - lat: 59.444827
      lng: 24.7513
    - lat: 59.444829
      lng: 24.751265
    - lat: 59.444834
      lng: 24.751183
    - lat: 59.444849
      lng: 24.751063
    - lat: 59.444866
      lng: 24.750981
    - lat: 59.444899
      lng: 24.750819
    - lat: 59.444936
      lng: 24.750656
    - lat: 59.444991
      lng: 24.750416
    - lat: 59.444997
      lng: 24.750389
    - lat: 59.445137
      lng: 24.749787
    - lat: 59.445194
      lng: 24.749523
    - lat: 59.445282
      lng: 24.749169
    - lat: 59.445326
      lng: 24.74898
    - lat: 59.445314
      lng: 24.748832
    - lat: 59.445299
      lng: 24.748602
    - lat: 59.445294
      lng: 24.748497
    - lat: 59.445298
      lng: 24.748451
    - lat: 59.445335
      lng: 24.748365
    - lat: 59.445568
      lng: 24.747739
    - lat: 59.44562
      lng: 24.747619
    - lat: 59.44569
      lng: 24.747459
    - lat: 59.445773
      lng: 24.747265
    - lat: 59.445799
      lng: 24.747205
    - lat: 59.445869
      lng: 24.747082
    - lat: 59.445948
      lng: 24.746945
    - lat: 59.446119
      lng: 24.746691
    - lat: 59.44613
      lng: 24.746674
    - lat: 59.446266
      lng: 24.746516
    - lat: 59.446392
      lng: 24.746383
    - lat: 59.447073
      lng: 24.745802
    - lat: 59.447676
      lng: 24.745279
    - lat: 59.447848
      lng: 24.74511
    - lat: 59.448038
      lng: 24.744866
    - lat: 59.448255
      lng: 24.744526
    - lat: 59.448443
      lng: 24.744152
    - lat: 59.448527
      lng: 24.743973
    - lat: 59.448671
      lng: 24.743545
    - lat: 59.448768
      lng: 24.743184
    - lat: 59.448916
      lng: 24.742627
    - lat: 59.449029
      lng: 24.74203
    - lat: 59.449132
      lng: 24.741172
    - lat: 59.449157
      lng: 24.741044
    - lat: 59.449276
      lng: 24.740442
    - lat: 59.44946
      lng: 24.739543
    - lat: 59.449578
      lng: 24.73963
    - lat: 59.449652
      lng: 24.739675
    - lat: 59.449697
      lng: 24.739489
    - lat: 59.449733
      lng: 24.739454
    - lat: 59.449727
      lng: 24.739369
    - lat: 59.44975
      lng: 24.73924
    - lat: 59.449766
      lng: 24.739172
    - lat: 59.449773
      lng: 24.73913
    - lat: 59.449812
      lng: 24.739014
    - lat: 59.450009
      lng: 24.738034
    - lat: 59.450135
      lng: 24.737365
    - lat: 59.450207
      lng: 24.737042
    - lat: 59.450228
      lng: 24.736911
    - lat: 59.450277
      lng: 24.736613
    - lat: 59.450327
      lng: 24.736371
    - lat: 59.450403
      lng: 24.735904
    - lat: 59.450537
      lng: 24.735241
    - lat: 59.45058
      lng: 24.734953
    - lat: 59.450687
      lng: 24.734123
    - lat: 59.450703
      lng: 24.733977
    - lat: 59.45072
      lng: 24.73391
    - lat: 59.450751
      lng: 24.733895
    - lat: 59.450757
      lng: 24.733797
    - lat: 59.450765
      lng: 24.733721
    - lat: 59.450787
      lng: 24.733717
    - lat: 59.451083
      lng: 24.732819
    - lat: 59.451334
      lng: 24.732043
    - lat: 59.451338
      lng: 24.732015
    - lat: 59.451348
      lng: 24.731938
    - lat: 59.451372
      lng: 24.731837
    - lat: 59.451409
      lng: 24.73182
    - lat: 59.45143
      lng: 24.731764
    - lat: 59.45141
      lng: 24.731691
    - lat: 59.451419
      lng: 24.7316
    - lat: 59.451441
      lng: 24.731523
    - lat: 59.451503
      lng: 24.731316
    - lat: 59.451843
      lng: 24.73025
    - lat: 59.451886
      lng: 24.730235
    - lat: 59.451907
      lng: 24.730259
    - lat: 59.452026
      lng: 24.729829
    - lat: 59.452169
      lng: 24.729962
    - lat: 59.452226
      lng: 24.730034
  bbox:
    sw:
      lat: 59.442596
      lng: 24.729829
    ne:
      lat: 59.452226
      lng: 24.765372
  distance: 2604.35
  waypoints:
    - coordinate:
        lat: 59.442643
        lng: 24.765368
      kind: Break
    - coordinate:
        lat: 59.452226
        lng: 24.730034
      kind: Break
  steps:
    - geometry:
        - lat: 59.442643
          lng: 24.765368
        - lat: 59.442644
          lng: 24.765372
        - lat: 59.442596
          lng: 24.765043
        - lat: 59.442597
          lng: 24.764917
        - lat: 59.442617
          lng: 24.764716
        - lat: 59.442739
          lng: 24.763568
        - lat: 59.442754
          lng: 24.763449
      distance: 111.251
      duration: 90.107
      road_name: ""
      instruction: Walk west on the walkway.
      visual_instructions:
        - primary_content:
            text: Turn left onto the walkway.
            maneuver_type: turn
            maneuver_modifier: left
            roundabout_exit_degrees: ~
          secondary_content: ~
          trigger_distance_before_maneuver: 111.251
      spoken_instructions:
        - text: Walk west on the walkway.
          ssml: "<speak>Walk west on the walkway.</speak>"
          trigger_distance_before_maneuver: 111.251
        - text: "In 200 feet, Turn left onto the walkway."
          ssml: "<speak>In 200 feet, Turn left onto the walkway.</speak>"
          trigger_distance_before_maneuver: 60
      annotations: redacted annotations json strings vec
    - geometry:
        - lat: 59.442754
          lng: 24.763449
        - lat: 59.442671
          lng: 24.763423
      distance: 9
      duration: 6.353
      road_name: ""
      instruction: Turn left onto the walkway.
      visual_instructions:
        - primary_content:
            text: Laeva
            maneuver_type: turn
            maneuver_modifier: right
            roundabout_exit_degrees: ~
          secondary_content: ~
          trigger_distance_before_maneuver: 9
      spoken_instructions:
        - text: "In 14 feet, Turn right onto Laeva."
          ssml: "<speak>In 14 feet, Turn right onto Laeva.</speak>"
          trigger_distance_before_maneuver: 4.5
      annotations: redacted annotations json strings vec
    - geometry:
        - lat: 59.442671
          lng: 24.763423
        - lat: 59.442709
          lng: 24.763155
      distance: 16
      duration: 12.424
      road_name: Laeva
      instruction: Turn right onto Laeva.
      visual_instructions:
        - primary_content:
            text: Bear right.
            maneuver_type: turn
            maneuver_modifier: slight right
            roundabout_exit_degrees: ~
          secondary_content: ~
          trigger_distance_before_maneuver: 16
      spoken_instructions:
        - text: "In 26 feet, Bear right."
          ssml: "<speak>In 26 feet, Bear right.</speak>"
          trigger_distance_before_maneuver: 8
      annotations: redacted annotations json strings vec
    - geometry:
        - lat: 59.442709
          lng: 24.763155
        - lat: 59.442749
          lng: 24.763063
        - lat: 59.442819
          lng: 24.763
      distance: 15
      duration: 11.224
      road_name: ""
      instruction: Bear right.
      visual_instructions:
        - primary_content:
            text: Bear left onto the walkway.
            maneuver_type: turn
            maneuver_modifier: slight left
            roundabout_exit_degrees: ~
          secondary_content: ~
          trigger_distance_before_maneuver: 15
      spoken_instructions:
        - text: "In 24 feet, Bear left onto the walkway."
          ssml: "<speak>In 24 feet, Bear left onto the walkway.</speak>"
          trigger_distance_before_maneuver: 7.5
      annotations: redacted annotations json strings vec
    - geometry:
        - lat: 59.442819
          lng: 24.763
        - lat: 59.442834
          lng: 24.762904
        - lat: 59.442841
          lng: 24.762858
        - lat: 59.442918
          lng: 24.762356
      distance: 38
      duration: 26.824
      road_name: ""
      instruction: Bear left onto the walkway.
      visual_instructions:
        - primary_content:
            text: Continue.
            maneuver_type: new name
            maneuver_modifier: straight
            roundabout_exit_degrees: ~
          secondary_content: ~
          trigger_distance_before_maneuver: 38
      spoken_instructions:
        - text: "In 62 feet, Continue."
          ssml: "<speak>In 62 feet, Continue.</speak>"
          trigger_distance_before_maneuver: 19
      annotations: redacted annotations json strings vec
    - geometry:
        - lat: 59.442918
          lng: 24.762356
        - lat: 59.442936
          lng: 24.762237
      distance: 7
      duration: 4.941
      road_name: ""
      instruction: Continue.
      visual_instructions:
        - primary_content:
            text: Admiralisild; Admiral Bridge
            maneuver_type: turn
            maneuver_modifier: right
            roundabout_exit_degrees: ~
          secondary_content: ~
          trigger_distance_before_maneuver: 7
      spoken_instructions:
        - text: "In 11 feet, Turn right onto Admiralisild/Admiral Bridge."
          ssml: "<speak>In 11 feet, Turn right onto Admiralisild/Admiral Bridge.</speak>"
          trigger_distance_before_maneuver: 3.5
      annotations: redacted annotations json strings vec
    - geometry:
        - lat: 59.442936
          lng: 24.762237
        - lat: 59.442957
          lng: 24.762218
        - lat: 59.443129
          lng: 24.762072
        - lat: 59.443156
          lng: 24.762052
        - lat: 59.443526
          lng: 24.761765
      distance: 70
      duration: 52.275
      road_name: Admiralisild; Admiral Bridge
      instruction: Turn right onto Admiralisild/Admiral Bridge.
      visual_instructions:
        - primary_content:
            text: Continue on the walkway.
            maneuver_type: new name
            maneuver_modifier: straight
            roundabout_exit_degrees: ~
          secondary_content: ~
          trigger_distance_before_maneuver: 70
      spoken_instructions:
        - text: "In 200 feet, Continue on the walkway."
          ssml: "<speak>In 200 feet, Continue on the walkway.</speak>"
          trigger_distance_before_maneuver: 60
      annotations: redacted annotations json strings vec
    - geometry:
        - lat: 59.443526
          lng: 24.761765
        - lat: 59.443564
          lng: 24.761733
        - lat: 59.4439
          lng: 24.761432
      distance: 46
      duration: 33.471
      road_name: ""
      instruction: Continue on the walkway.
      visual_instructions:
        - primary_content:
            text: Turn left onto the walkway.
            maneuver_type: turn
            maneuver_modifier: left
            roundabout_exit_degrees: ~
          secondary_content: ~
          trigger_distance_before_maneuver: 46
      spoken_instructions:
        - text: "In 75 feet, Turn left onto the walkway."
          ssml: "<speak>In 75 feet, Turn left onto the walkway.</speak>"
          trigger_distance_before_maneuver: 23
      annotations: redacted annotations json strings vec
    - geometry:
        - lat: 59.4439
          lng: 24.761432
        - lat: 59.443487
          lng: 24.759273
      distance: 131
      duration: 101.718
      road_name: ""
      instruction: Turn left onto the walkway.
      visual_instructions:
        - primary_content:
            text: Turn right onto the walkway.
            maneuver_type: turn
            maneuver_modifier: right
            roundabout_exit_degrees: ~
          secondary_content: ~
          trigger_distance_before_maneuver: 131
      spoken_instructions:
        - text: "In 200 feet, Turn right onto the walkway."
          ssml: "<speak>In 200 feet, Turn right onto the walkway.</speak>"
          trigger_distance_before_maneuver: 60
      annotations: redacted annotations json strings vec
    - geometry:
        - lat: 59.443487
          lng: 24.759273
        - lat: 59.443533
          lng: 24.759243
        - lat: 59.443622
          lng: 24.759185
        - lat: 59.44365
          lng: 24.759167
        - lat: 59.443712
          lng: 24.759127
      distance: 25
      duration: 21.906
      road_name: ""
      instruction: Turn right onto the walkway.
      visual_instructions:
        - primary_content:
            text: Turn left onto the walkway.
            maneuver_type: turn
            maneuver_modifier: left
            roundabout_exit_degrees: ~
          secondary_content: ~
          trigger_distance_before_maneuver: 25
      spoken_instructions:
        - text: "In 41 feet, Turn left onto the walkway."
          ssml: "<speak>In 41 feet, Turn left onto the walkway.</speak>"
          trigger_distance_before_maneuver: 12.5
      annotations: redacted annotations json strings vec
    - geometry:
        - lat: 59.443712
          lng: 24.759127
        - lat: 59.443701
          lng: 24.759061
        - lat: 59.443693
          lng: 24.759007
        - lat: 59.443674
          lng: 24.758853
      distance: 16
      duration: 12.294
      road_name: ""
      instruction: Turn left onto the walkway.
      visual_instructions:
        - primary_content:
            text: Logi
            maneuver_type: turn
            maneuver_modifier: right
            roundabout_exit_degrees: ~
          secondary_content: ~
          trigger_distance_before_maneuver: 16
      spoken_instructions:
        - text: "In 26 feet, Turn right onto Logi."
          ssml: "<speak>In 26 feet, Turn right onto Logi.</speak>"
          trigger_distance_before_maneuver: 8
      annotations: redacted annotations json strings vec
    - geometry:
        - lat: 59.443674
          lng: 24.758853
        - lat: 59.443719
          lng: 24.758831
        - lat: 59.443739
          lng: 24.758825
        - lat: 59.443824
          lng: 24.758783
        - lat: 59.444002
          lng: 24.75869
        - lat: 59.444052
          lng: 24.758636
        - lat: 59.444086
          lng: 24.75862
        - lat: 59.444176
          lng: 24.758576
        - lat: 59.444346
          lng: 24.75849
        - lat: 59.444417
          lng: 24.758402
        - lat: 59.444448
          lng: 24.758392
      distance: 91
      duration: 72.235
      road_name: Logi
      instruction: Turn right onto Logi.
      visual_instructions:
        - primary_content:
            text: Turn left onto the walkway.
            maneuver_type: turn
            maneuver_modifier: left
            roundabout_exit_degrees: ~
          secondary_content: ~
          trigger_distance_before_maneuver: 91
      spoken_instructions:
        - text: "In 200 feet, Turn left onto the walkway."
          ssml: "<speak>In 200 feet, Turn left onto the walkway.</speak>"
          trigger_distance_before_maneuver: 60
      annotations: redacted annotations json strings vec
    - geometry:
        - lat: 59.444448
          lng: 24.758392
        - lat: 59.444431
          lng: 24.758246
      distance: 8
      duration: 5.647
      road_name: ""
      instruction: Turn left onto the walkway.
      visual_instructions:
        - primary_content:
            text: Turn right onto the walkway.
            maneuver_type: turn
            maneuver_modifier: right
            roundabout_exit_degrees: ~
          secondary_content: ~
          trigger_distance_before_maneuver: 8
      spoken_instructions:
        - text: "In 13 feet, Turn right onto the walkway."
          ssml: "<speak>In 13 feet, Turn right onto the walkway.</speak>"
          trigger_distance_before_maneuver: 4
      annotations: redacted annotations json strings vec
    - geometry:
        - lat: 59.444431
          lng: 24.758246
        - lat: 59.444579
          lng: 24.75819
        - lat: 59.444893
          lng: 24.75805
        - lat: 59.444979
          lng: 24.757981
        - lat: 59.445069
          lng: 24.757636
      distance: 85
      duration: 64.447
      road_name: ""
      instruction: Turn right onto the walkway.
      visual_instructions:
        - primary_content:
            text: Kultuurikilomeeter
            maneuver_type: turn
            maneuver_modifier: slight left
            roundabout_exit_degrees: ~
          secondary_content: ~
          trigger_distance_before_maneuver: 85
      spoken_instructions:
        - text: "In 200 feet, Bear left onto Kultuurikilomeeter."
          ssml: "<speak>In 200 feet, Bear left onto Kultuurikilomeeter.</speak>"
          trigger_distance_before_maneuver: 60
      annotations: redacted annotations json strings vec
    - geometry:
        - lat: 59.445069
          lng: 24.757636
        - lat: 59.444948
          lng: 24.754468
        - lat: 59.444939
          lng: 24.75424
        - lat: 59.444903
          lng: 24.753388
        - lat: 59.444898
          lng: 24.75326
        - lat: 59.44489
          lng: 24.753154
        - lat: 59.444855
          lng: 24.752151
        - lat: 59.444835
          lng: 24.751726
        - lat: 59.444834
          lng: 24.751684
        - lat: 59.444834
          lng: 24.751667
        - lat: 59.444833
          lng: 24.751609
        - lat: 59.444827
          lng: 24.7513
        - lat: 59.444829
          lng: 24.751265
        - lat: 59.444834
          lng: 24.751183
        - lat: 59.444849
          lng: 24.751063
        - lat: 59.444866
          lng: 24.750981
        - lat: 59.444899
          lng: 24.750819
        - lat: 59.444936
          lng: 24.750656
        - lat: 59.444991
          lng: 24.750416
        - lat: 59.444997
          lng: 24.750389
        - lat: 59.445137
          lng: 24.749787
        - lat: 59.445194
          lng: 24.749523
        - lat: 59.445282
          lng: 24.749169
        - lat: 59.445326
          lng: 24.74898
        - lat: 59.445314
          lng: 24.748832
        - lat: 59.445299
          lng: 24.748602
        - lat: 59.445294
          lng: 24.748497
        - lat: 59.445298
          lng: 24.748451
        - lat: 59.445335
          lng: 24.748365
        - lat: 59.445568
          lng: 24.747739
        - lat: 59.44562
          lng: 24.747619
        - lat: 59.44569
          lng: 24.747459
        - lat: 59.445773
          lng: 24.747265
        - lat: 59.445799
          lng: 24.747205
        - lat: 59.445869
          lng: 24.747082
        - lat: 59.445948
          lng: 24.746945
        - lat: 59.446119
          lng: 24.746691
        - lat: 59.44613
          lng: 24.746674
        - lat: 59.446266
          lng: 24.746516
        - lat: 59.446392
          lng: 24.746383
        - lat: 59.447073
          lng: 24.745802
        - lat: 59.447676
          lng: 24.745279
        - lat: 59.447848
          lng: 24.74511
        - lat: 59.448038
          lng: 24.744866
        - lat: 59.448255
          lng: 24.744526
        - lat: 59.448443
          lng: 24.744152
        - lat: 59.448527
          lng: 24.743973
        - lat: 59.448671
          lng: 24.743545
        - lat: 59.448768
          lng: 24.743184
        - lat: 59.448916
          lng: 24.742627
        - lat: 59.449029
          lng: 24.74203
        - lat: 59.449132
          lng: 24.741172
        - lat: 59.449157
          lng: 24.741044
        - lat: 59.449276
          lng: 24.740442
        - lat: 59.44946
          lng: 24.739543
      distance: 1254
      duration: 966.424
      road_name: Kultuurikilomeeter
      instruction: Bear left onto Kultuurikilomeeter.
      visual_instructions:
        - primary_content:
            text: Turn right onto the walkway.
            maneuver_type: turn
            maneuver_modifier: right
            roundabout_exit_degrees: ~
          secondary_content: ~
          trigger_distance_before_maneuver: 1254
      spoken_instructions:
        - text: "In 200 feet, Turn right onto the walkway."
          ssml: "<speak>In 200 feet, Turn right onto the walkway.</speak>"
          trigger_distance_before_maneuver: 60
      annotations: redacted annotations json strings vec
    - geometry:
        - lat: 59.44946
          lng: 24.739543
        - lat: 59.449578
          lng: 24.73963
        - lat: 59.449652
          lng: 24.739675
      distance: 23
      duration: 18.235
      road_name: ""
      instruction: Turn right onto the walkway.
      visual_instructions:
        - primary_content:
            text: Turn left onto the walkway.
            maneuver_type: turn
            maneuver_modifier: left
            roundabout_exit_degrees: ~
          secondary_content: ~
          trigger_distance_before_maneuver: 23
      spoken_instructions:
        - text: "In 37 feet, Turn left onto the walkway."
          ssml: "<speak>In 37 feet, Turn left onto the walkway.</speak>"
          trigger_distance_before_maneuver: 11.5
      annotations: redacted annotations json strings vec
    - geometry:
        - lat: 59.449652
          lng: 24.739675
        - lat: 59.449697
          lng: 24.739489
        - lat: 59.449733
          lng: 24.739454
      distance: 16
      duration: 11.294
      road_name: ""
      instruction: Turn left onto the walkway.
      visual_instructions:
        - primary_content:
            text: Turn left onto the crosswalk.
            maneuver_type: turn
            maneuver_modifier: left
            roundabout_exit_degrees: ~
          secondary_content: ~
          trigger_distance_before_maneuver: 16
      spoken_instructions:
        - text: "In 26 feet, Turn left onto the crosswalk."
          ssml: "<speak>In 26 feet, Turn left onto the crosswalk.</speak>"
          trigger_distance_before_maneuver: 8
      annotations: redacted annotations json strings vec
    - geometry:
        - lat: 59.449733
          lng: 24.739454
        - lat: 59.449727
          lng: 24.739369
        - lat: 59.44975
          lng: 24.73924
        - lat: 59.449766
          lng: 24.739172
        - lat: 59.449773
          lng: 24.73913
        - lat: 59.449812
          lng: 24.739014
        - lat: 59.450009
          lng: 24.738034
        - lat: 59.450135
          lng: 24.737365
        - lat: 59.450207
          lng: 24.737042
        - lat: 59.450228
          lng: 24.736911
        - lat: 59.450277
          lng: 24.736613
        - lat: 59.450327
          lng: 24.736371
        - lat: 59.450403
          lng: 24.735904
        - lat: 59.450537
          lng: 24.735241
        - lat: 59.45058
          lng: 24.734953
        - lat: 59.450687
          lng: 24.734123
        - lat: 59.450703
          lng: 24.733977
        - lat: 59.45072
          lng: 24.73391
        - lat: 59.450751
          lng: 24.733895
        - lat: 59.450757
          lng: 24.733797
        - lat: 59.450765
          lng: 24.733721
      distance: 347
      duration: 263.849
      road_name: ""
      instruction: Turn left onto the crosswalk.
      visual_instructions:
        - primary_content:
            text: Turn right onto the walkway.
            maneuver_type: turn
            maneuver_modifier: right
            roundabout_exit_degrees: ~
          secondary_content: ~
          trigger_distance_before_maneuver: 347
      spoken_instructions:
        - text: "In 200 feet, Turn right onto the walkway."
          ssml: "<speak>In 200 feet, Turn right onto the walkway.</speak>"
          trigger_distance_before_maneuver: 60
      annotations: redacted annotations json strings vec
    - geometry:
        - lat: 59.450765
          lng: 24.733721
        - lat: 59.450787
          lng: 24.733717
      distance: 2
      duration: 1.412
      road_name: ""
      instruction: Turn right onto the walkway.
      visual_instructions:
        - primary_content:
            text: Turn left onto the walkway.
            maneuver_type: turn
            maneuver_modifier: left
            roundabout_exit_degrees: ~
          secondary_content: ~
          trigger_distance_before_maneuver: 2
      spoken_instructions:
        - text: "In 3 feet, Turn left onto the walkway."
          ssml: "<speak>In 3 feet, Turn left onto the walkway.</speak>"
          trigger_distance_before_maneuver: 1
      annotations: redacted annotations json strings vec
    - geometry:
        - lat: 59.450787
          lng: 24.733717
        - lat: 59.451083
          lng: 24.732819
        - lat: 59.451334
          lng: 24.732043
        - lat: 59.451338
          lng: 24.732015
        - lat: 59.451348
          lng: 24.731938
        - lat: 59.451372
          lng: 24.731837
        - lat: 59.451409
          lng: 24.73182
        - lat: 59.45143
          lng: 24.731764
        - lat: 59.45141
          lng: 24.731691
        - lat: 59.451419
          lng: 24.7316
        - lat: 59.451441
          lng: 24.731523
        - lat: 59.451503
          lng: 24.731316
        - lat: 59.451843
          lng: 24.73025
        - lat: 59.451886
          lng: 24.730235
        - lat: 59.451907
          lng: 24.730259
      distance: 241
      duration: 184.456
      road_name: ""
      instruction: Turn left onto the walkway.
      visual_instructions:
        - primary_content:
            text: Allveelaeva
            maneuver_type: turn
            maneuver_modifier: slight left
            roundabout_exit_degrees: ~
          secondary_content: ~
          trigger_distance_before_maneuver: 241
      spoken_instructions:
        - text: "In 200 feet, Bear left onto Allveelaeva."
          ssml: "<speak>In 200 feet, Bear left onto Allveelaeva.</speak>"
          trigger_distance_before_maneuver: 60
      annotations: redacted annotations json strings vec
    - geometry:
        - lat: 59.451907
          lng: 24.730259
        - lat: 59.452026
          lng: 24.729829
      distance: 28
      duration: 20.951
      road_name: Allveelaeva
      instruction: Bear left onto Allveelaeva.
      visual_instructions:
        - primary_content:
            text: Peetri
            maneuver_type: turn
            maneuver_modifier: right
            roundabout_exit_degrees: ~
          secondary_content: ~
          trigger_distance_before_maneuver: 28
      spoken_instructions:
        - text: "In 45 feet, Turn right onto Peetri."
          ssml: "<speak>In 45 feet, Turn right onto Peetri.</speak>"
          trigger_distance_before_maneuver: 14
      annotations: redacted annotations json strings vec
    - geometry:
        - lat: 59.452026
          lng: 24.729829
        - lat: 59.452169
          lng: 24.729962
        - lat: 59.452226
          lng: 24.730034
      distance: 25.099
      duration: 24.804
      road_name: Peetri
      instruction: Turn right onto Peetri.
      visual_instructions:
        - primary_content:
            text: You have arrived at your destination.
            maneuver_type: arrive
            maneuver_modifier: ~
            roundabout_exit_degrees: ~
          secondary_content: ~
          trigger_distance_before_maneuver: 25.099
      spoken_instructions:
        - text: "In 41 feet, You have arrived at your destination."
          ssml: "<speak>In 41 feet, You have arrived at your destination.</speak>"
          trigger_distance_before_maneuver: 12.5495
      annotations: redacted annotations json strings vec
    - geometry:
        - lat: 59.452226
          lng: 24.730034
        - lat: 59.452226
          lng: 24.730034
      distance: 0
      duration: 0
      road_name: Peetri
      instruction: You have arrived at your destination.
      visual_instructions:
        - primary_content:
            text: You have arrived at your destination.
            maneuver_type: arrive
            maneuver_modifier: ~
            roundabout_exit_degrees: ~
          secondary_content: ~
          trigger_distance_before_maneuver: 0
      spoken_instructions: []
      annotations: redacted annotations json strings vec
