---
source: ferrostar/src/routing_adapters/osrm/mod.rs
expression: routes
---
- geometry:
    - lat: 52.517033
      lng: 13.388798
    - lat: 52.527168
      lng: 13.387228
    - lat: 52.528491
      lng: 13.393668
    - lat: 52.529432
      lng: 13.39763
    - lat: 52.529684
      lng: 13.403888
    - lat: 52.528326
      lng: 13.411389
    - lat: 52.527507
      lng: 13.41432
    - lat: 52.52677
      lng: 13.415657
    - lat: 52.528458
      lng: 13.417166
    - lat: 52.528728
      lng: 13.421348
    - lat: 52.528082
      lng: 13.424085
    - lat: 52.528068
      lng: 13.424993
    - lat: 52.527885
      lng: 13.425184
    - lat: 52.527043
      lng: 13.427263
    - lat: 52.525063
      lng: 13.43036
    - lat: 52.52479
      lng: 13.430413
    - lat: 52.523269
      lng: 13.429678
    - lat: 52.523239
      lng: 13.428554
  bbox:
    sw:
      lat: 52.517033
      lng: 13.387228
    ne:
      lat: 52.529684
      lng: 13.430413
  distance: 4731.8
  waypoints:
    - coordinate:
        lat: 52.517033
        lng: 13.388798
      kind: Break
      properties: "{\"name\":\"Friedrichstraße\",\"distance\":4.231521214}"
    - coordinate:
        lat: 52.529432
        lng: 13.39763
      kind: Break
      properties: "{\"name\":\"Torstraße\",\"distance\":2.795148358}"
    - coordinate:
        lat: 52.523239
        lng: 13.428554
      kind: Break
      properties: "{\"name\":\"Platz der Vereinten Nationen\",\"distance\":2.226580806}"
  steps: []
