---
source: ferrostar/src/routing_adapters/osrm/mod.rs
expression: routes
---
- geometry:
    - lat: 28.795656
      lng: -82.036056
    - lat: 28.795632
      lng: -82.03602
    - lat: 28.795446
      lng: -82.035862
    - lat: 28.795242
      lng: -82.035787
    - lat: 28.794865
      lng: -82.035633
    - lat: 28.794788
      lng: -82.035601
    - lat: 28.794687
      lng: -82.035548
    - lat: 28.794614
      lng: -82.03551
    - lat: 28.794567
      lng: -82.035518
    - lat: 28.794504
      lng: -82.035542
    - lat: 28.794436
      lng: -82.035511
    - lat: 28.794273
      lng: -82.035351
    - lat: 28.794139
      lng: -82.0352
    - lat: 28.793991
      lng: -82.035104
    - lat: 28.793934
      lng: -82.035044
    - lat: 28.793761
      lng: -82.034758
    - lat: 28.793597
      lng: -82.034492
    - lat: 28.793455
      lng: -82.034264
    - lat: 28.793318
      lng: -82.033963
    - lat: 28.79323
      lng: -82.033796
    - lat: 28.793138
      lng: -82.033645
    - lat: 28.793118
      lng: -82.033577
    - lat: 28.793107
      lng: -82.033531
    - lat: 28.793056
      lng: -82.033182
    - lat: 28.792997
      lng: -82.032977
    - lat: 28.792985
      lng: -82.032905
    - lat: 28.792979
      lng: -82.032845
    - lat: 28.792977
      lng: -82.032804
    - lat: 28.79296
      lng: -82.032524
    - lat: 28.792979
      lng: -82.032225
    - lat: 28.792998
      lng: -82.031982
    - lat: 28.793005
      lng: -82.031645
    - lat: 28.793011
      lng: -82.031423
    - lat: 28.793038
      lng: -82.031166
    - lat: 28.793149
      lng: -82.030774
    - lat: 28.793239
      lng: -82.030562
    - lat: 28.793445
      lng: -82.030225
    - lat: 28.79353
      lng: -82.030069
    - lat: 28.793602
      lng: -82.029863
    - lat: 28.793634
      lng: -82.029825
    - lat: 28.793661
      lng: -82.029777
    - lat: 28.793727
      lng: -82.029683
    - lat: 28.793881
      lng: -82.029487
    - lat: 28.793972
      lng: -82.029351
    - lat: 28.79407
      lng: -82.029159
    - lat: 28.79413
      lng: -82.028968
    - lat: 28.794172
      lng: -82.028687
    - lat: 28.794177
      lng: -82.028508
    - lat: 28.79416
      lng: -82.028333
    - lat: 28.794116
      lng: -82.028138
    - lat: 28.794097
      lng: -82.028035
    - lat: 28.794078
      lng: -82.027959
    - lat: 28.794075
      lng: -82.027904
    - lat: 28.794079
      lng: -82.02769
    - lat: 28.79408
      lng: -82.027554
    - lat: 28.794052
      lng: -82.027401
    - lat: 28.794058
      lng: -82.027272
    - lat: 28.794071
      lng: -82.027151
    - lat: 28.794099
      lng: -82.026985
    - lat: 28.794129
      lng: -82.02673
    - lat: 28.794118
      lng: -82.026562
    - lat: 28.794086
      lng: -82.026389
    - lat: 28.794032
      lng: -82.026212
    - lat: 28.793989
      lng: -82.026094
    - lat: 28.793908
      lng: -82.025904
    - lat: 28.793767
      lng: -82.02561
    - lat: 28.793575
      lng: -82.025339
    - lat: 28.793382
      lng: -82.025152
    - lat: 28.793051
      lng: -82.024889
    - lat: 28.792853
      lng: -82.024677
    - lat: 28.792666
      lng: -82.024502
    - lat: 28.792613
      lng: -82.024391
    - lat: 28.792553
      lng: -82.024229
    - lat: 28.792517
      lng: -82.024048
    - lat: 28.792452
      lng: -82.023868
    - lat: 28.792434
      lng: -82.02372
    - lat: 28.792409
      lng: -82.023507
    - lat: 28.792369
      lng: -82.023212
    - lat: 28.792307
      lng: -82.02297
    - lat: 28.792235
      lng: -82.022756
    - lat: 28.792102
      lng: -82.022403
    - lat: 28.791981
      lng: -82.022172
    - lat: 28.791823
      lng: -82.021943
    - lat: 28.791628
      lng: -82.02171
    - lat: 28.791463
      lng: -82.021494
    - lat: 28.791281
      lng: -82.021204
    - lat: 28.791179
      lng: -82.021008
    - lat: 28.791133
      lng: -82.020892
    - lat: 28.79109
      lng: -82.020755
    - lat: 28.791046
      lng: -82.020511
    - lat: 28.790976
      lng: -82.020256
    - lat: 28.790942
      lng: -82.020122
    - lat: 28.790931
      lng: -82.019895
    - lat: 28.790906
      lng: -82.019766
    - lat: 28.790841
      lng: -82.019569
    - lat: 28.790763
      lng: -82.019381
    - lat: 28.7906
      lng: -82.019078
    - lat: 28.790396
      lng: -82.01882
    - lat: 28.790264
      lng: -82.018582
    - lat: 28.790157
      lng: -82.018303
    - lat: 28.790106
      lng: -82.018021
  bbox:
    sw:
      lat: 28.790106
      lng: -82.036056
    ne:
      lat: 28.795656
      lng: -82.018021
  distance: 2089.442
  waypoints:
    - coordinate:
        lat: 28.795656
        lng: -82.036056
      kind: Break
    - coordinate:
        lat: 28.795446
        lng: -82.035862
      kind: Via
    - coordinate:
        lat: 28.790106
        lng: -82.018021
      kind: Break
  steps:
    - geometry:
        - lat: 28.795656
          lng: -82.036056
        - lat: 28.795632
          lng: -82.03602
        - lat: 28.795446
          lng: -82.035862
        - lat: 28.795242
          lng: -82.035787
        - lat: 28.794865
          lng: -82.035633
        - lat: 28.794788
          lng: -82.035601
        - lat: 28.794687
          lng: -82.035548
        - lat: 28.794614
          lng: -82.03551
        - lat: 28.794567
          lng: -82.035518
        - lat: 28.794504
          lng: -82.035542
        - lat: 28.794436
          lng: -82.035511
        - lat: 28.794273
          lng: -82.035351
        - lat: 28.794139
          lng: -82.0352
        - lat: 28.793991
          lng: -82.035104
        - lat: 28.793934
          lng: -82.035044
        - lat: 28.793761
          lng: -82.034758
        - lat: 28.793597
          lng: -82.034492
        - lat: 28.793455
          lng: -82.034264
        - lat: 28.793318
          lng: -82.033963
        - lat: 28.79323
          lng: -82.033796
        - lat: 28.793138
          lng: -82.033645
        - lat: 28.793118
          lng: -82.033577
        - lat: 28.793107
          lng: -82.033531
        - lat: 28.793056
          lng: -82.033182
        - lat: 28.792997
          lng: -82.032977
        - lat: 28.792985
          lng: -82.032905
        - lat: 28.792979
          lng: -82.032845
        - lat: 28.792977
          lng: -82.032804
        - lat: 28.79296
          lng: -82.032524
        - lat: 28.792979
          lng: -82.032225
        - lat: 28.792998
          lng: -82.031982
        - lat: 28.793005
          lng: -82.031645
        - lat: 28.793011
          lng: -82.031423
        - lat: 28.793038
          lng: -82.031166
        - lat: 28.793149
          lng: -82.030774
        - lat: 28.793239
          lng: -82.030562
        - lat: 28.793445
          lng: -82.030225
        - lat: 28.79353
          lng: -82.030069
        - lat: 28.793602
          lng: -82.029863
        - lat: 28.793634
          lng: -82.029825
        - lat: 28.793661
          lng: -82.029777
        - lat: 28.793727
          lng: -82.029683
        - lat: 28.793881
          lng: -82.029487
        - lat: 28.793972
          lng: -82.029351
        - lat: 28.79407
          lng: -82.029159
        - lat: 28.79413
          lng: -82.028968
        - lat: 28.794172
          lng: -82.028687
        - lat: 28.794177
          lng: -82.028508
        - lat: 28.79416
          lng: -82.028333
        - lat: 28.794116
          lng: -82.028138
        - lat: 28.794097
          lng: -82.028035
        - lat: 28.794078
          lng: -82.027959
        - lat: 28.794075
          lng: -82.027904
        - lat: 28.794079
          lng: -82.02769
        - lat: 28.79408
          lng: -82.027554
        - lat: 28.794052
          lng: -82.027401
        - lat: 28.794058
          lng: -82.027272
        - lat: 28.794071
          lng: -82.027151
        - lat: 28.794099
          lng: -82.026985
        - lat: 28.794129
          lng: -82.02673
        - lat: 28.794118
          lng: -82.026562
        - lat: 28.794086
          lng: -82.026389
        - lat: 28.794032
          lng: -82.026212
        - lat: 28.793989
          lng: -82.026094
        - lat: 28.793908
          lng: -82.025904
        - lat: 28.793767
          lng: -82.02561
        - lat: 28.793575
          lng: -82.025339
        - lat: 28.793382
          lng: -82.025152
        - lat: 28.793051
          lng: -82.024889
        - lat: 28.792853
          lng: -82.024677
        - lat: 28.792666
          lng: -82.024502
        - lat: 28.792613
          lng: -82.024391
        - lat: 28.792553
          lng: -82.024229
        - lat: 28.792517
          lng: -82.024048
        - lat: 28.792452
          lng: -82.023868
        - lat: 28.792434
          lng: -82.02372
        - lat: 28.792409
          lng: -82.023507
        - lat: 28.792369
          lng: -82.023212
        - lat: 28.792307
          lng: -82.02297
        - lat: 28.792235
          lng: -82.022756
        - lat: 28.792102
          lng: -82.022403
        - lat: 28.791981
          lng: -82.022172
        - lat: 28.791823
          lng: -82.021943
        - lat: 28.791628
          lng: -82.02171
        - lat: 28.791463
          lng: -82.021494
        - lat: 28.791281
          lng: -82.021204
        - lat: 28.791179
          lng: -82.021008
        - lat: 28.791133
          lng: -82.020892
        - lat: 28.79109
          lng: -82.020755
        - lat: 28.791046
          lng: -82.020511
        - lat: 28.790976
          lng: -82.020256
        - lat: 28.790942
          lng: -82.020122
        - lat: 28.790931
          lng: -82.019895
        - lat: 28.790906
          lng: -82.019766
        - lat: 28.790841
          lng: -82.019569
        - lat: 28.790763
          lng: -82.019381
        - lat: 28.7906
          lng: -82.019078
        - lat: 28.790396
          lng: -82.01882
        - lat: 28.790264
          lng: -82.018582
        - lat: 28.790157
          lng: -82.018303
        - lat: 28.790106
          lng: -82.018021
      distance: 2089.442
      duration: 301.262
      road_name: ""
      instruction: Drive southeast.
      visual_instructions:
        - primary_content:
            text: You have arrived at your destination.
            maneuver_type: arrive
            maneuver_modifier: ~
            roundabout_exit_degrees: ~
          secondary_content: ~
          trigger_distance_before_maneuver: 2089.442
      spoken_instructions:
        - text: Drive southeast.
          ssml: "<speak>Drive southeast.</speak>"
          trigger_distance_before_maneuver: 2089.442
        - text: "In 200 feet, You have arrived at your destination."
          ssml: "<speak>In 200 feet, You have arrived at your destination.</speak>"
          trigger_distance_before_maneuver: 60
      annotations: redacted annotations json strings vec
    - geometry:
        - lat: 28.790106
          lng: -82.018021
        - lat: 28.790106
          lng: -82.018021
      distance: 0
      duration: 0
      road_name: ""
      instruction: You have arrived at your destination.
      visual_instructions:
        - primary_content:
            text: You have arrived at your destination.
            maneuver_type: arrive
            maneuver_modifier: ~
            roundabout_exit_degrees: ~
          secondary_content: ~
          trigger_distance_before_maneuver: 0
      spoken_instructions: []
      annotations: redacted annotations json strings vec
